12:42:43 [WARNING] 缓存不新鲜，强制解锁 Excel 并刷新
12:42:47 [INFO] 正在调用高速版 force_build_cache...
12:42:47 [INFO] 初始化 COM...
12:42:47 [INFO] 启动 Excel 实例...
12:42:50 [INFO] 正在打开工作簿...
12:43:01 [INFO] 工作簿打开成功，开始高速解析...
12:43:02 [INFO] 解析完成 162 个客户
13:03:33 [ERROR] 缓存刷新失败：<unknown>.Value
13:04:49 [INFO] Bailian API 调用成功（第1次）
13:06:38 [INFO] Bailian API 调用成功（第1次）
13:09:39 [ERROR] Bailian API 超时（第1次）: HTTPSConnectionPool(host='coding.dashscope.aliyuncs.com', port=443): Read timed out. (read timeout=180)
13:09:39 [INFO]     15秒后重试...
13:12:16 [INFO] Bailian API 调用成功（第2次）
13:13:44 [INFO] Bailian API 调用成功（第1次）
13:14:33 [INFO] Bailian API 调用成功（第1次）
13:15:23 [INFO] Bailian API 调用成功（第1次）
13:16:10 [INFO] Bailian API 调用成功（第1次）
13:18:00 [INFO] Bailian API 调用成功（第1次）
13:18:44 [INFO] Bailian API 调用成功（第1次）
13:19:27 [INFO] Bailian API 调用成功（第1次）
13:21:31 [INFO] Bailian API 调用成功（第1次）
13:23:06 [INFO] Bailian API 调用成功（第1次）
13:24:46 [INFO] Bailian API 调用成功（第1次）
13:26:31 [INFO] Bailian API 调用成功（第1次）
13:27:21 [INFO] Bailian API 调用成功（第1次）
