12:42:30 [WARNING] 缓存不新鲜，强制解锁 Excel 并刷新
12:42:34 [INFO] 正在调用高速版 force_build_cache...
12:42:34 [INFO] 初始化 COM...
12:42:34 [INFO] 启动 Excel 实例...
12:42:37 [INFO] 正在打开工作簿...
12:42:43 [ERROR] 缓存刷新失败：(-2147023170, '远程过程调用失败。', None, None)
12:44:08 [INFO] Bailian API 调用成功（第1次）
12:45:35 [INFO] Bailian API 调用成功（第1次）
12:45:36 [ERROR] Bailian API 调用失败（第1次）: 429 Client Error: Too Many Requests for url: https://coding.dashscope.aliyuncs.com/v1/chat/completions
12:45:36 [INFO]     15秒后重试...
12:45:52 [ERROR] Bailian API 调用失败（第2次）: 429 Client Error: Too Many Requests for url: https://coding.dashscope.aliyuncs.com/v1/chat/completions
12:45:52 [INFO]     30秒后重试...
12:46:23 [ERROR] Bailian API 调用失败（第3次）: 429 Client Error: Too Many Requests for url: https://coding.dashscope.aliyuncs.com/v1/chat/completions
12:46:24 [ERROR] Bailian API 调用失败（第1次）: 429 Client Error: Too Many Requests for url: https://coding.dashscope.aliyuncs.com/v1/chat/completions
12:46:24 [INFO]     15秒后重试...
12:46:40 [ERROR] Bailian API 调用失败（第2次）: 429 Client Error: Too Many Requests for url: https://coding.dashscope.aliyuncs.com/v1/chat/completions
12:46:40 [INFO]     30秒后重试...
12:47:11 [ERROR] Bailian API 调用失败（第3次）: 429 Client Error: Too Many Requests for url: https://coding.dashscope.aliyuncs.com/v1/chat/completions
12:47:12 [ERROR] Bailian API 调用失败（第1次）: 429 Client Error: Too Many Requests for url: https://coding.dashscope.aliyuncs.com/v1/chat/completions
12:47:12 [INFO]     15秒后重试...
12:47:28 [ERROR] Bailian API 调用失败（第2次）: 429 Client Error: Too Many Requests for url: https://coding.dashscope.aliyuncs.com/v1/chat/completions
12:47:28 [INFO]     30秒后重试...
12:47:58 [ERROR] Bailian API 调用失败（第3次）: 429 Client Error: Too Many Requests for url: https://coding.dashscope.aliyuncs.com/v1/chat/completions
12:47:59 [ERROR] Bailian API 调用失败（第1次）: 429 Client Error: Too Many Requests for url: https://coding.dashscope.aliyuncs.com/v1/chat/completions
12:47:59 [INFO]     15秒后重试...
12:48:16 [ERROR] Bailian API 调用失败（第2次）: 429 Client Error: Too Many Requests for url: https://coding.dashscope.aliyuncs.com/v1/chat/completions
12:48:16 [INFO]     30秒后重试...
12:48:47 [ERROR] Bailian API 调用失败（第3次）: 429 Client Error: Too Many Requests for url: https://coding.dashscope.aliyuncs.com/v1/chat/completions
12:48:47 [ERROR] Bailian API 调用失败（第1次）: 429 Client Error: Too Many Requests for url: https://coding.dashscope.aliyuncs.com/v1/chat/completions
12:48:47 [INFO]     15秒后重试...
12:49:04 [ERROR] Bailian API 调用失败（第2次）: 429 Client Error: Too Many Requests for url: https://coding.dashscope.aliyuncs.com/v1/chat/completions
12:49:04 [INFO]     30秒后重试...
12:49:34 [ERROR] Bailian API 调用失败（第3次）: 429 Client Error: Too Many Requests for url: https://coding.dashscope.aliyuncs.com/v1/chat/completions
12:49:35 [ERROR] Bailian API 调用失败（第1次）: 429 Client Error: Too Many Requests for url: https://coding.dashscope.aliyuncs.com/v1/chat/completions
12:49:35 [INFO]     15秒后重试...
12:49:51 [ERROR] Bailian API 调用失败（第2次）: 429 Client Error: Too Many Requests for url: https://coding.dashscope.aliyuncs.com/v1/chat/completions
12:49:51 [INFO]     30秒后重试...
12:50:22 [ERROR] Bailian API 调用失败（第3次）: 429 Client Error: Too Many Requests for url: https://coding.dashscope.aliyuncs.com/v1/chat/completions
12:50:23 [ERROR] Bailian API 调用失败（第1次）: 429 Client Error: Too Many Requests for url: https://coding.dashscope.aliyuncs.com/v1/chat/completions
12:50:23 [INFO]     15秒后重试...
12:50:39 [ERROR] Bailian API 调用失败（第2次）: 429 Client Error: Too Many Requests for url: https://coding.dashscope.aliyuncs.com/v1/chat/completions
12:50:39 [INFO]     30秒后重试...
12:51:10 [ERROR] Bailian API 调用失败（第3次）: 429 Client Error: Too Many Requests for url: https://coding.dashscope.aliyuncs.com/v1/chat/completions
12:51:11 [ERROR] Bailian API 调用失败（第1次）: 429 Client Error: Too Many Requests for url: https://coding.dashscope.aliyuncs.com/v1/chat/completions
12:51:11 [INFO]     15秒后重试...
12:51:27 [ERROR] Bailian API 调用失败（第2次）: 429 Client Error: Too Many Requests for url: https://coding.dashscope.aliyuncs.com/v1/chat/completions
12:51:27 [INFO]     30秒后重试...
12:51:58 [ERROR] Bailian API 调用失败（第3次）: 429 Client Error: Too Many Requests for url: https://coding.dashscope.aliyuncs.com/v1/chat/completions
12:51:59 [ERROR] Bailian API 调用失败（第1次）: 429 Client Error: Too Many Requests for url: https://coding.dashscope.aliyuncs.com/v1/chat/completions
12:51:59 [INFO]     15秒后重试...
12:52:15 [ERROR] Bailian API 调用失败（第2次）: 429 Client Error: Too Many Requests for url: https://coding.dashscope.aliyuncs.com/v1/chat/completions
12:52:15 [INFO]     30秒后重试...
12:52:46 [ERROR] Bailian API 调用失败（第3次）: 429 Client Error: Too Many Requests for url: https://coding.dashscope.aliyuncs.com/v1/chat/completions
12:52:47 [ERROR] Bailian API 调用失败（第1次）: 429 Client Error: Too Many Requests for url: https://coding.dashscope.aliyuncs.com/v1/chat/completions
12:52:47 [INFO]     15秒后重试...
12:53:03 [ERROR] Bailian API 调用失败（第2次）: 429 Client Error: Too Many Requests for url: https://coding.dashscope.aliyuncs.com/v1/chat/completions
12:53:03 [INFO]     30秒后重试...
12:53:34 [ERROR] Bailian API 调用失败（第3次）: 429 Client Error: Too Many Requests for url: https://coding.dashscope.aliyuncs.com/v1/chat/completions
12:53:35 [ERROR] Bailian API 调用失败（第1次）: 429 Client Error: Too Many Requests for url: https://coding.dashscope.aliyuncs.com/v1/chat/completions
12:53:35 [INFO]     15秒后重试...
12:53:51 [ERROR] Bailian API 调用失败（第2次）: 429 Client Error: Too Many Requests for url: https://coding.dashscope.aliyuncs.com/v1/chat/completions
12:53:51 [INFO]     30秒后重试...
12:54:22 [ERROR] Bailian API 调用失败（第3次）: 429 Client Error: Too Many Requests for url: https://coding.dashscope.aliyuncs.com/v1/chat/completions
12:54:23 [ERROR] Bailian API 调用失败（第1次）: 429 Client Error: Too Many Requests for url: https://coding.dashscope.aliyuncs.com/v1/chat/completions
12:54:23 [INFO]     15秒后重试...
12:54:39 [ERROR] Bailian API 调用失败（第2次）: 429 Client Error: Too Many Requests for url: https://coding.dashscope.aliyuncs.com/v1/chat/completions
12:54:39 [INFO]     30秒后重试...
12:55:10 [ERROR] Bailian API 调用失败（第3次）: 429 Client Error: Too Many Requests for url: https://coding.dashscope.aliyuncs.com/v1/chat/completions
12:55:11 [ERROR] Bailian API 调用失败（第1次）: 429 Client Error: Too Many Requests for url: https://coding.dashscope.aliyuncs.com/v1/chat/completions
12:55:11 [INFO]     15秒后重试...
12:55:28 [ERROR] Bailian API 调用失败（第2次）: 429 Client Error: Too Many Requests for url: https://coding.dashscope.aliyuncs.com/v1/chat/completions
12:55:28 [INFO]     30秒后重试...
12:55:59 [ERROR] Bailian API 调用失败（第3次）: 429 Client Error: Too Many Requests for url: https://coding.dashscope.aliyuncs.com/v1/chat/completions
12:56:00 [ERROR] Bailian API 调用失败（第1次）: 429 Client Error: Too Many Requests for url: https://coding.dashscope.aliyuncs.com/v1/chat/completions
12:56:00 [INFO]     15秒后重试...
12:56:16 [ERROR] Bailian API 调用失败（第2次）: 429 Client Error: Too Many Requests for url: https://coding.dashscope.aliyuncs.com/v1/chat/completions
12:56:16 [INFO]     30秒后重试...
12:56:47 [ERROR] Bailian API 调用失败（第3次）: 429 Client Error: Too Many Requests for url: https://coding.dashscope.aliyuncs.com/v1/chat/completions
12:56:48 [ERROR] Bailian API 调用失败（第1次）: 429 Client Error: Too Many Requests for url: https://coding.dashscope.aliyuncs.com/v1/chat/completions
12:56:48 [INFO]     15秒后重试...
12:57:04 [ERROR] Bailian API 调用失败（第2次）: 429 Client Error: Too Many Requests for url: https://coding.dashscope.aliyuncs.com/v1/chat/completions
12:57:04 [INFO]     30秒后重试...
12:57:35 [ERROR] Bailian API 调用失败（第3次）: 429 Client Error: Too Many Requests for url: https://coding.dashscope.aliyuncs.com/v1/chat/completions
12:57:36 [ERROR] Bailian API 调用失败（第1次）: 429 Client Error: Too Many Requests for url: https://coding.dashscope.aliyuncs.com/v1/chat/completions
12:57:36 [INFO]     15秒后重试...
12:57:53 [ERROR] Bailian API 调用失败（第2次）: 429 Client Error: Too Many Requests for url: https://coding.dashscope.aliyuncs.com/v1/chat/completions
12:57:53 [INFO]     30秒后重试...
12:58:24 [ERROR] Bailian API 调用失败（第3次）: 429 Client Error: Too Many Requests for url: https://coding.dashscope.aliyuncs.com/v1/chat/completions
12:58:25 [ERROR] Bailian API 调用失败（第1次）: 429 Client Error: Too Many Requests for url: https://coding.dashscope.aliyuncs.com/v1/chat/completions
12:58:25 [INFO]     15秒后重试...
12:58:41 [ERROR] Bailian API 调用失败（第2次）: 429 Client Error: Too Many Requests for url: https://coding.dashscope.aliyuncs.com/v1/chat/completions
12:58:41 [INFO]     30秒后重试...
12:59:12 [ERROR] Bailian API 调用失败（第3次）: 429 Client Error: Too Many Requests for url: https://coding.dashscope.aliyuncs.com/v1/chat/completions
12:59:13 [ERROR] Bailian API 调用失败（第1次）: 429 Client Error: Too Many Requests for url: https://coding.dashscope.aliyuncs.com/v1/chat/completions
12:59:13 [INFO]     15秒后重试...
12:59:29 [ERROR] Bailian API 调用失败（第2次）: 429 Client Error: Too Many Requests for url: https://coding.dashscope.aliyuncs.com/v1/chat/completions
12:59:29 [INFO]     30秒后重试...
13:02:12 [INFO] Bailian API 调用成功（第3次）
13:02:12 [WARNING] 有 17 位客户 AI 建议生成失败，跳过这些客户继续写入
