2026-04-13 21:30:39 [阶段 3] 写入尝试 1/2
2026-04-13 21:30:39 [阶段 3] 开始离线写入 Excel
2026-04-13 21:30:39 [阶段 3] 读取到 1 套房源
2026-04-13 21:30:39 [阶段 3] 已备份工作簿：daily_followup.stage3_backup.20260413_213039.xlsm
2026-04-13 21:30:39 [阶段 3] ERROR: 写入失败：'NoneType' object has no attribute 'Worksheets'
2026-04-13 21:30:39 [阶段 3] 2 秒后重试
2026-04-13 21:30:41 [阶段 3] 写入尝试 2/2
2026-04-13 21:30:41 [阶段 3] 开始离线写入 Excel
2026-04-13 21:30:41 [阶段 3] 读取到 1 套房源
2026-04-13 21:30:41 [阶段 3] 已备份工作簿：daily_followup.stage3_backup.20260413_213041.xlsm
2026-04-13 21:30:52 [阶段 3] 写入尝试 1/2
2026-04-13 21:30:52 [阶段 3] 开始离线写入 Excel
2026-04-13 21:30:52 [阶段 3] 读取到 1 套房源
2026-04-13 21:30:52 [阶段 3] 已备份工作簿：daily_followup.stage3_backup.20260413_213052.xlsm
2026-04-13 21:36:43 [阶段 3] 写入尝试 1/2
2026-04-13 21:36:43 [阶段 3] 开始离线写入 Excel
2026-04-13 21:36:43 [阶段 3] 读取到 1 套房源
2026-04-13 21:36:43 [阶段 3] 已备份工作簿：daily_followup.stage3_backup.20260413_213643.xlsm
2026-04-13 21:38:48 [阶段 3] 写入尝试 1/2
2026-04-13 21:38:48 [阶段 3] 开始离线写入 Excel
2026-04-13 21:38:48 [阶段 3] 读取到 1 套房源
2026-04-13 21:38:48 [阶段 3] 已备份工作簿：daily_followup.stage3_backup.20260413_213848.xlsm
2026-04-13 21:40:12 [阶段 3] 写入尝试 1/2
2026-04-13 21:40:12 [阶段 3] 开始离线写入 Excel
2026-04-13 21:40:12 [阶段 3] 读取到 1 套房源
2026-04-13 21:40:12 [阶段 3] 已备份工作簿：daily_followup.stage3_backup.20260413_214012.xlsm
2026-04-13 21:40:13 [阶段 3] 正在打开 Excel 文件...
2026-04-13 21:43:13 [阶段 3] 写入尝试 1/2
2026-04-13 21:43:13 [阶段 3] 开始离线写入 Excel
2026-04-13 21:43:13 [阶段 3] 读取到 1 套房源
2026-04-13 21:43:13 [阶段 3] 已备份工作簿：daily_followup.stage3_backup.20260413_214313.xlsm
2026-04-13 21:43:23 [阶段 3] 写入尝试 1/2
2026-04-13 21:43:23 [阶段 3] 开始离线写入 Excel
2026-04-13 21:43:23 [阶段 3] 读取到 1 套房源
2026-04-13 21:43:23 [阶段 3] 已备份工作簿：daily_followup.stage3_backup.20260413_214323.xlsm
2026-04-13 21:43:23 [阶段 3] ERROR: 写入失败：This COM object can not automate the makepy process - please run makepy manually for this object
2026-04-13 21:43:23 [阶段 3] 2 秒后重试
2026-04-13 21:43:25 [阶段 3] 写入尝试 2/2
2026-04-13 21:43:25 [阶段 3] 开始离线写入 Excel
2026-04-13 21:43:25 [阶段 3] 读取到 1 套房源
2026-04-13 21:43:25 [阶段 3] 已备份工作簿：daily_followup.stage3_backup.20260413_214325.xlsm
2026-04-13 21:43:25 [阶段 3] ERROR: 写入失败：This COM object can not automate the makepy process - please run makepy manually for this object
2026-04-13 21:43:25 [阶段 3] ERROR: 多次重试后仍然失败
2026-04-13 21:43:46 [阶段 3] 写入尝试 1/2
2026-04-13 21:43:46 [阶段 3] 开始离线写入 Excel
2026-04-13 21:43:46 [阶段 3] 读取到 1 套房源
2026-04-13 21:43:46 [阶段 3] 已备份工作簿：daily_followup.stage3_backup.20260413_214346.xlsm
2026-04-13 21:43:47 [阶段 3] 正在打开 Excel 文件...
2026-04-13 21:45:11 [阶段 3] 写入尝试 1/2
2026-04-13 21:45:11 [阶段 3] 开始离线写入 Excel
2026-04-13 21:45:11 [阶段 3] 读取到 1 套房源
2026-04-13 21:45:11 [阶段 3] 已备份工作簿：daily_followup.stage3_backup.20260413_214511.xlsm
2026-04-13 21:45:12 [阶段 3] 正在打开 Excel 文件...
2026-04-13 21:49:24 [阶段 3] 写入尝试 1/2
2026-04-13 21:49:24 [阶段 3] 开始离线写入 Excel
2026-04-13 21:49:24 [阶段 3] 读取到 1 套房源
2026-04-13 21:49:24 [阶段 3] 已备份工作簿：daily_followup.stage3_backup.20260413_214924.xlsm
2026-04-13 21:51:23 [阶段 3] ERROR: 写入失败：(-2147023170, '远程过程调用失败。', None, None)
2026-04-13 21:51:23 [阶段 3] 2 秒后重试
2026-04-13 21:51:25 [阶段 3] 写入尝试 2/2
2026-04-13 21:51:25 [阶段 3] 开始离线写入 Excel
2026-04-13 21:51:25 [阶段 3] 读取到 1 套房源
2026-04-13 21:51:25 [阶段 3] 已备份工作簿：daily_followup.stage3_backup.20260413_215125.xlsm
2026-04-13 21:51:30 [阶段 3] 写入尝试 1/2
2026-04-13 21:51:30 [阶段 3] 开始离线写入 Excel
2026-04-13 21:51:30 [阶段 3] 读取到 1 套房源
2026-04-13 21:51:30 [阶段 3] 已备份工作簿：daily_followup.stage3_backup.20260413_215130.xlsm
2026-04-13 21:51:30 [阶段 3] 创建 Excel 实例...
2026-04-13 21:51:30 [阶段 3] 打开 Excel 文件...
2026-04-13 21:51:30 [阶段 3] ERROR: 写入失败：Excel.Application.Workbooks
2026-04-13 21:51:30 [阶段 3] 2 秒后重试
2026-04-13 21:51:32 [阶段 3] 写入尝试 2/2
2026-04-13 21:51:32 [阶段 3] 开始离线写入 Excel
2026-04-13 21:51:32 [阶段 3] 读取到 1 套房源
2026-04-13 21:51:32 [阶段 3] 已备份工作簿：daily_followup.stage3_backup.20260413_215132.xlsm
2026-04-13 21:51:32 [阶段 3] 创建 Excel 实例...
2026-04-13 21:51:32 [阶段 3] 打开 Excel 文件...
2026-04-13 21:51:32 [阶段 3] ERROR: 写入失败：Excel.Application.Workbooks
2026-04-13 21:51:32 [阶段 3] ERROR: 多次重试后仍然失败
2026-04-13 21:52:00 [阶段 3] 写入尝试 1/2
2026-04-13 21:52:00 [阶段 3] 开始离线写入 Excel
2026-04-13 21:52:00 [阶段 3] 读取到 1 套房源
2026-04-13 21:52:00 [阶段 3] 已备份工作簿：daily_followup.stage3_backup.20260413_215200.xlsm
2026-04-13 21:52:00 [阶段 3] 创建 Excel 实例...
2026-04-13 21:52:00 [阶段 3] ERROR: 写入失败：This COM object can not automate the makepy process - please run makepy manually for this object
2026-04-13 21:52:00 [阶段 3] 2 秒后重试
2026-04-13 21:52:02 [阶段 3] 写入尝试 2/2
2026-04-13 21:52:02 [阶段 3] 开始离线写入 Excel
2026-04-13 21:52:02 [阶段 3] 读取到 1 套房源
2026-04-13 21:52:02 [阶段 3] 已备份工作簿：daily_followup.stage3_backup.20260413_215202.xlsm
2026-04-13 21:52:02 [阶段 3] 创建 Excel 实例...
2026-04-13 21:52:02 [阶段 3] ERROR: 写入失败：This COM object can not automate the makepy process - please run makepy manually for this object
2026-04-13 21:52:02 [阶段 3] ERROR: 多次重试后仍然失败
2026-04-13 21:53:09 [阶段 3] ERROR: 写入失败：(-2147023170, '远程过程调用失败。', None, None)
2026-04-13 21:53:09 [阶段 3] ERROR: 多次重试后仍然失败
2026-04-13 21:53:28 [阶段 3] 写入尝试 1/2
2026-04-13 21:53:28 [阶段 3] 开始离线写入 Excel
2026-04-13 21:53:28 [阶段 3] 读取到 1 套房源
2026-04-13 21:53:28 [阶段 3] 已备份工作簿：daily_followup.stage3_backup.20260413_215328.xlsm
2026-04-13 21:53:28 [阶段 3] 创建 Excel 实例...
2026-04-13 21:53:29 [阶段 3] 打开 Excel 文件...
2026-04-13 21:55:19 [阶段 3] ERROR: 写入失败：(-2147023170, '远程过程调用失败。', None, None)
2026-04-13 21:55:19 [阶段 3] 2 秒后重试
2026-04-13 21:55:21 [阶段 3] 写入尝试 2/2
2026-04-13 21:55:21 [阶段 3] 开始离线写入 Excel
2026-04-13 21:55:21 [阶段 3] 读取到 1 套房源
2026-04-13 21:55:21 [阶段 3] 已备份工作簿：daily_followup.stage3_backup.20260413_215521.xlsm
2026-04-13 21:55:21 [阶段 3] 创建 Excel 实例...
2026-04-13 21:55:22 [阶段 3] 打开 Excel 文件...
2026-04-15 10:20:45 [阶段 3] 写入尝试 1/2
2026-04-15 10:20:45 [阶段 3] 开始离线写入 Excel
2026-04-15 10:20:45 [阶段 3] 读取到 1 套房源
2026-04-15 10:20:45 [阶段 3] 已备份工作簿：daily_followup.stage3_backup.20260415_102045.xlsm
2026-04-15 10:20:45 [阶段 3] 创建 Excel 实例...
2026-04-15 10:20:47 [阶段 3] 打开 Excel 文件...
2026-04-15 10:26:44 [阶段 3] 写入尝试 1/2
2026-04-15 10:26:44 [阶段 3] 开始离线写入 Excel
2026-04-15 10:26:44 [阶段 3] 读取到 1 套房源
2026-04-15 10:26:44 [阶段 3] 已备份工作簿：daily_followup.stage3_backup.20260415_102644.xlsm
2026-04-15 10:26:44 [阶段 3] 创建 Excel 实例...
2026-04-15 10:26:44 [阶段 3] ERROR: 写入失败：Property 'Excel.Application.Visible' can not be set.
2026-04-15 10:26:44 [阶段 3] 2 秒后重试
2026-04-15 10:26:46 [阶段 3] 写入尝试 2/2
2026-04-15 10:26:46 [阶段 3] 开始离线写入 Excel
2026-04-15 10:26:46 [阶段 3] 读取到 1 套房源
2026-04-15 10:26:46 [阶段 3] 已备份工作簿：daily_followup.stage3_backup.20260415_102646.xlsm
2026-04-15 10:26:46 [阶段 3] 创建 Excel 实例...
2026-04-15 10:26:46 [阶段 3] ERROR: 写入失败：Property 'Excel.Application.Visible' can not be set.
2026-04-15 10:26:46 [阶段 3] ERROR: 多次重试后仍然失败
2026-04-15 10:27:23 [阶段 3] ERROR: 写入失败：(-2147023170, '远程过程调用失败。', None, None)
2026-04-15 10:27:23 [阶段 3] 2 秒后重试
2026-04-15 10:27:25 [阶段 3] 写入尝试 2/2
2026-04-15 10:27:25 [阶段 3] 开始离线写入 Excel
2026-04-15 10:27:25 [阶段 3] 读取到 1 套房源
2026-04-15 10:27:25 [阶段 3] 已备份工作簿：daily_followup.stage3_backup.20260415_102725.xlsm
2026-04-15 10:27:25 [阶段 3] 创建 Excel 实例...
2026-04-15 10:27:27 [阶段 3] 打开 Excel 文件...
2026-04-15 10:27:42 [阶段 3] 写入尝试 1/2
2026-04-15 10:27:42 [阶段 3] 开始离线写入 Excel
2026-04-15 10:27:42 [阶段 3] 读取到 1 套房源
2026-04-15 10:27:42 [阶段 3] 已备份工作簿：daily_followup.stage3_backup.20260415_102742.xlsm
2026-04-15 10:27:42 [阶段 3] 创建 Excel 实例...
2026-04-15 10:27:44 [阶段 3] 打开 Excel 文件...
2026-04-15 10:27:55 [阶段 3] ERROR: 写入失败：(-2147352567, '发生意外。', (0, 'Microsoft Excel', '类 Workbooks 的 Open 方法无效', 'xlmain11.chm', 0, -2146827284), None)
2026-04-15 10:27:55 [阶段 3] 2 秒后重试
2026-04-15 10:27:57 [阶段 3] 写入尝试 2/2
2026-04-15 10:27:57 [阶段 3] 开始离线写入 Excel
2026-04-15 10:27:57 [阶段 3] 读取到 1 套房源
2026-04-15 10:27:57 [阶段 3] 已备份工作簿：daily_followup.stage3_backup.20260415_102757.xlsm
2026-04-15 10:27:57 [阶段 3] 创建 Excel 实例...
2026-04-15 10:27:58 [阶段 3] 打开 Excel 文件...
2026-04-15 10:28:04 [阶段 3] ERROR: 写入失败：(-2147352567, '发生意外。', (0, 'Microsoft Excel', '类 Workbooks 的 Open 方法无效', 'xlmain11.chm', 0, -2146827284), None)
2026-04-15 10:28:04 [阶段 3] ERROR: 多次重试后仍然失败
2026-04-15 10:28:06 [阶段 3] ERROR: 写入失败：(-2147352567, '发生意外。', (0, 'Microsoft Excel', '类 Workbooks 的 Open 方法无效', 'xlmain11.chm', 0, -2146827284), None)
2026-04-15 10:28:06 [阶段 3] ERROR: 多次重试后仍然失败
2026-04-15 10:29:18 [阶段 3] 写入尝试 1/2
2026-04-15 10:29:18 [阶段 3] 开始离线写入 Excel
2026-04-15 10:29:18 [阶段 3] 读取到 1 套房源
2026-04-15 10:29:18 [阶段 3] 已备份工作簿：daily_followup.stage3_backup.20260415_102918.xlsm
2026-04-15 10:29:18 [阶段 3] 创建 Excel 实例...
2026-04-15 10:29:19 [阶段 3] 打开 Excel 文件...
2026-04-15 10:32:16 [阶段 3] ERROR: 写入失败：(-2147023170, '远程过程调用失败。', None, None)
2026-04-15 10:32:16 [阶段 3] 2 秒后重试
2026-04-15 10:32:18 [阶段 3] 写入尝试 2/2
2026-04-15 10:32:18 [阶段 3] 开始离线写入 Excel
2026-04-15 10:32:18 [阶段 3] 读取到 1 套房源
2026-04-15 10:32:18 [阶段 3] 已备份工作簿：daily_followup.stage3_backup.20260415_103218.xlsm
2026-04-15 10:32:18 [阶段 3] 创建 Excel 实例...
2026-04-15 10:32:19 [阶段 3] 打开 Excel 文件...
2026-04-15 10:32:42 [阶段 3] 写入尝试 1/2
2026-04-15 10:32:42 [阶段 3] 开始离线写入 Excel
2026-04-15 10:32:42 [阶段 3] 读取到 1 套房源
2026-04-15 10:32:42 [阶段 3] 已备份工作簿：daily_followup.stage3_backup.20260415_103242.xlsm
2026-04-15 10:32:42 [阶段 3] 创建 Excel 实例...
2026-04-15 10:32:44 [阶段 3] 打开 Excel 文件...
2026-04-15 11:15:48 [阶段 3] ERROR: 写入失败：(-2147352567, '发生意外。', (0, 'Microsoft Excel', '类 Workbooks 的 Open 方法无效', 'xlmain11.chm', 0, -2146827284), None)
2026-04-15 11:15:48 [阶段 3] 2 秒后重试
2026-04-15 11:15:49 [阶段 3] ERROR: 写入失败：(-2147352567, '发生意外。', (0, 'Microsoft Excel', '类 Workbooks 的 Open 方法无效', 'xlmain11.chm', 0, -2146827284), None)
2026-04-15 11:15:49 [阶段 3] ERROR: 多次重试后仍然失败
2026-04-15 11:15:50 [阶段 3] 写入尝试 2/2
2026-04-15 11:15:50 [阶段 3] 开始离线写入 Excel
2026-04-15 11:15:50 [阶段 3] 读取到 1 套房源
2026-04-15 11:15:50 [阶段 3] 已备份工作簿：daily_followup.stage3_backup.20260415_111550.xlsm
2026-04-15 11:15:50 [阶段 3] 创建 Excel 实例...
2026-04-15 11:15:52 [阶段 3] 打开 Excel 文件...
2026-04-15 11:16:07 [阶段 3] ERROR: 写入失败：(-2147352567, '发生意外。', (0, 'Microsoft Excel', '您所提供的密码不正确。请检查 CAPS LOCK 键的状态，并确认使用了正确的大小写。', 'xlmain11.chm', 0, -2146827284), None)
2026-04-15 11:16:07 [阶段 3] ERROR: 多次重试后仍然失败
