============================================================
每日跟进计划生成器 v9.1 - 修复跟进记录过滤
============================================================
刷新缓存...
OK: 加载 162 个客户
确定今日跟进名单...
OK: 确定 20 个重点客户

检测到可复用的今日建议，直接进入写入阶段（来源：缓存建议包：C:\Users\Huawei\.openclaw\workspace\runtime\daily_follow_plan\latest_suggestions.json）

准备 Excel 写入...
OK: Excel 建议列第369列，跟进列第370列（AI-0412 / 2026-04-12 00:00:00）

写入 Excel 建议列...

保存 Excel...
OK: 写入/确认 20 条跟进建议
生成跟进计划...
保存桌面文件...
OK: C:\Users\Huawei\Desktop\daily_follow_plan_latest.txt
发送 Telegram...
发送摘要消息...
上传完整文件...
OK: Telegram 发送成功

============================================================
OK: 跟进建议已写入 Excel 建议列（20条）
OK: 跟进计划已推送到 Telegram
============================================================
