============================================================
每日跟进计划生成器 v9.1 - 修复跟进记录过滤
============================================================
刷新缓存...
OK: 加载 162 个客户
确定今日跟进名单...
OK: 确定 20 个重点客户

开始逐个生成跟进建议（共 20 个客户）...
  [1/20] 刘先生微信: 调用 AI 生成建议...     Bailian API 调用失败（第1次）: The read operation timed out
    15秒后重试...
OK（90字）
  [2/20] 李女士（泰林）微信: 调用 AI 生成建议... OK（91字）
  [3/20] 郁女士微信: 调用 AI 生成建议... OK（83字）
  [4/20] 西瓜瓤儿: 调用 AI 生成建议... OK（86字）
  [5/20] 张阳微信: 调用 AI 生成建议... OK（95字）
  [6/20] 刘阿姨微信: 调用 AI 生成建议... OK（95字）
  [7/20] 罗先生微信: 调用 AI 生成建议...     Bailian API 调用失败（第1次）: The read operation timed out
    15秒后重试...
    Bailian API 调用失败（第2次）: The read operation timed out
    30秒后重试...
    Bailian API 调用失败（第3次）: The read operation timed out
FAILED（AI生成失败）: 第1次: The read operation timed out；第2次: The read operation timed out；第3次: The read operation timed out
  [8/20] 周先生朱芳微信: 调用 AI 生成建议... OK（90字）
  [9/20] 张逸林微信: 调用 AI 生成建议... OK（84字）
  [10/20] 曾先生微信: 调用 AI 生成建议... OK（95字）
  [11/20] 李先生微信: 调用 AI 生成建议... OK（107字）
  [12/20] 黄女士微信: 调用 AI 生成建议... OK（97字）
  [13/20] 付女士微信: 调用 AI 生成建议... 