============================================================
每日跟进计划生成器 v9.1 - 修复跟进记录过滤
============================================================
刷新缓存...
OK: 加载 162 个客户
确定今日跟进名单...
OK: 确定 20 个重点客户

开始逐个生成跟进建议（共 20 个客户）...
  [1/20] 刘先生微信: 调用 AI 生成建议... OK（96字）
  [2/20] 李女士（泰林）微信: 调用 AI 生成建议... OK（87字）
  [3/20] 郁女士微信: 调用 AI 生成建议... OK（86字）
  [4/20] 西瓜瓤儿: 调用 AI 生成建议... OK（94字）
  [5/20] 张阳微信: 调用 AI 生成建议... OK（105字）
  [6/20] 刘阿姨微信: 调用 AI 生成建议... OK（104字）
  [7/20] 罗先生微信: 调用 AI 生成建议... OK（104字）
  [8/20] 周先生朱芳微信: 调用 AI 生成建议... OK（96字）
  [9/20] 张逸林微信: 调用 AI 生成建议...     Bailian API 调用失败（第1次）: The read operation timed out
    15秒后重试...
OK（105字）
  [10/20] 曾先生微信: 调用 AI 生成建议... OK（96字）
  [11/20] 李先生微信: 调用 AI 生成建议... OK（97字）
  [12/20] 黄女士微信: 调用 AI 生成建议... OK（94字）
  [13/20] 付女士微信: 调用 AI 生成建议... OK（104字）
  [14/20] 钱先生微信: 调用 AI 生成建议... OK（95字）
  [15/20] 黄女士微信: 调用 AI 生成建议... OK（89字）
  [16/20] 刘婷婷微信: 调用 AI 生成建议... OK（95字）
  [17/20] 刘朱芳微信: 调用 AI 生成建议... OK（89字）
  [18/20] 吴女士微信: 调用 AI 生成建议... OK（94字）
  [19/20] 周先生微信: 调用 AI 生成建议... OK（93字）
  [20/20] 夏先生微信: 调用 AI 生成建议... OK（95字）

准备 Excel 写入...
OK: Excel 建议列第803列，跟进列第804列（AI-0417 / 2026-04-17 00:00:00+00:00）

写入 Excel 建议列...

保存 Excel...
OK: 写入/确认 20 条跟进建议
生成跟进计划...
保存桌面文件...
OK: C:\Users\Huawei\Desktop\daily_follow_plan_latest.txt
发送 Telegram...
发送摘要消息...
上传完整文件...
OK: Telegram 发送成功

============================================================
OK: 跟进建议已写入 Excel 建议列（20条）
OK: 跟进计划已推送到 Telegram
============================================================
